| Debug | 2023-10-12 11:33:07.527302Z | 0 > Hello
| Info | 2023-10-12 11:33:07.527303Z | 0 > Hello dog
| Error | 2023-10-12 11:33:07.527306Z | 0 > Hey! 1697110387.527304
| Warn | 2023-10-12 11:33:07.527307Z | 0 > Wuuuuu~ 0
